
HP@DESKTOP-05GHONL MINGW64 ~ (master)
$ cd storing

HP@DESKTOP-05GHONL MINGW64 ~/storing (master)
$ git init
Reinitialized existing Git repository in C:/Users/HP/storing/.git/

HP@DESKTOP-05GHONL MINGW64 ~/storing (master)
$ git status
On branch master
Changes not staged for commit:
  (use "git add/rm <file>..." to update what will be committed)
  (use "git checkout -- <file>..." to discard changes in working directory)

        deleted:    File 2.txt

no changes added to commit (use "git add" and/or "git commit -a")

HP@DESKTOP-05GHONL MINGW64 ~/storing (master)
$ git commit -m "I deleted file2 from storing"
On branch master
Changes not staged for commit:
        deleted:    File 2.txt

no changes added to commit

HP@DESKTOP-05GHONL MINGW64 ~/storing (master)
$ git rm File2
fatal: pathspec 'File2' did not match any files

HP@DESKTOP-05GHONL MINGW64 ~/storing (master)
$ git rm File2.txt
rm 'File2.txt'

HP@DESKTOP-05GHONL MINGW64 ~/storing (master)
$ git status
On branch master
Changes to be committed:
  (use "git reset HEAD <file>..." to unstage)

        deleted:    File2.txt

Changes not staged for commit:
  (use "git add/rm <file>..." to update what will be committed)
  (use "git checkout -- <file>..." to discard changes in working directory)

        deleted:    File 2.txt


HP@DESKTOP-05GHONL MINGW64 ~/storing (master)
$ git commit -m "i deleted file2"
[master 669547d] i deleted file2
 1 file changed, 127 deletions(-)
 delete mode 100644 File2.txt

HP@DESKTOP-05GHONL MINGW64 ~/storing (master)
$
HP@DESKTOP-05GHONL MINGW64 ~/storing (master)
$ git revert  669547df749fd573e67467

HP@DESKTOP-05GHONL MINGW64 ~/storing (master)
$ git status
On branch master
Changes to be committed:
  (use "git reset HEAD <file>..." to unstage)

        new file:   File2.txt


HP@DESKTOP-05GHONL MINGW64 ~/storing (master)
$ git commit -m "i restored the deleted file file2"
[master de3fef2] i restored the deleted file file2
 1 file changed, 127 insertions(+)
 create mode 100644 File2.txt

HP@DESKTOP-05GHONL MINGW64 ~/storing (master)
$ touch README.md

HP@DESKTOP-05GHONL MINGW64 ~/storing (master)
$ git branch Readme

HP@DESKTOP-05GHONL MINGW64 ~/storing (master)
$ git checkout Readme
Switched to branch 'Readme'
M       AllMyCommands.txt
D       File 2.txt

HP@DESKTOP-05GHONL MINGW64 ~/storing (Readme)
$ git add Readme.md

HP@DESKTOP-05GHONL MINGW64 ~/storing (Readme)
$ git status
On branch Readme
Changes not staged for commit:
  (use "git add/rm <file>..." to update what will be committed)
  (use "git checkout -- <file>..." to discard changes in working directory)

        modified:   AllMyCommands.txt
        deleted:    File 2.txt

Untracked files:
  (use "git add <file>..." to include in what will be committed)

        README.md

no changes added to commit (use "git add" and/or "git commit -a")

HP@DESKTOP-05GHONL MINGW64 ~/storing (Readme)
$ git add README.md

HP@DESKTOP-05GHONL MINGW64 ~/storing (Readme)
$ git status
On branch Readme
Changes to be committed:
  (use "git reset HEAD <file>..." to unstage)

        new file:   README.md

Changes not staged for commit:
  (use "git add/rm <file>..." to update what will be committed)
  (use "git checkout -- <file>..." to discard changes in working directory)

        modified:   AllMyCommands.txt
        deleted:    File 2.txt


HP@DESKTOP-05GHONL MINGW64 ~/storing (Readme)
$ git commit -m "I added a readme file in readme branch"
[Readme a1680e5] I added a readme file in readme branch
 1 file changed, 5 insertions(+)
 create mode 100644 README.md
